type octile
height 124
width 161
map
TTTTTTTTTTTTTTTTTTTTTTTTTTTTTTTTTTTTTTTTTTTTTTTTTTTTTTTTTTTTTTTTTTTTTTTTTTTTTTTTTTTTTTTTTTTTTTTTTTTTTTTTTTTTTTTTTTTTTTTTTTTTTTTTTTTTTTTTTTTTTTTTTTTTTTTTTTTTTTTTT
T...............................................................................................................................................................T
T.........................TTTTTTTTTT.TTTTTTTTTT.TTTTTTTTTT.TTTTTTTTTT.TTTTTTTTTT.TTTTTTTTTT.TTTTTTTTTT.TTTTTTTTTT.TTTTTTTTTT.TTTTTTTTTT.........................T
T.........................TTTTTTTTTT.TTTTTTTTTT.TTTTTTTTTT.TTTTTTTTTT.TTTTTTTTTT.TTTTTTTTTT.TTTTTTTTTT.TTTTTTTTTT.TTTTTTTTTT.TTTTTTTTTT.........................T
T...............................................................................................................................................................T
T.........................TTTTTTTTTT.TTTTTTTTTT.TTTTTTTTTT.TTTTTTTTTT.TTTTTTTTTT.TTTTTTTTTT.TTTTTTTTTT.TTTTTTTTTT.TTTTTTTTTT.TTTTTTTTTT.........................T
T.........................TTTTTTTTTT.TTTTTTTTTT.TTTTTTTTTT.TTTTTTTTTT.TTTTTTTTTT.TTTTTTTTTT.TTTTTTTTTT.TTTTTTTTTT.TTTTTTTTTT.TTTTTTTTTT.........................T
T...............................................................................................................................................................T
T.........................TTTTTTTTTT.TTTTTTTTTT.TTTTTTTTTT.TTTTTTTTTT.TTTTTTTTTT.TTTTTTTTTT.TTTTTTTTTT.TTTTTTTTTT.TTTTTTTTTT.TTTTTTTTTT.........................T
T.........................TTTTTTTTTT.TTTTTTTTTT.TTTTTTTTTT.TTTTTTTTTT.TTTTTTTTTT.TTTTTTTTTT.TTTTTTTTTT.TTTTTTTTTT.TTTTTTTTTT.TTTTTTTTTT.........................T
T...............................................................................................................................................................T
T.........................TTTTTTTTTT.TTTTTTTTTT.TTTTTTTTTT.TTTTTTTTTT.TTTTTTTTTT.TTTTTTTTTT.TTTTTTTTTT.TTTTTTTTTT.TTTTTTTTTT.TTTTTTTTTT.........................T
T.........................TTTTTTTTTT.TTTTTTTTTT.TTTTTTTTTT.TTTTTTTTTT.TTTTTTTTTT.TTTTTTTTTT.TTTTTTTTTT.TTTTTTTTTT.TTTTTTTTTT.TTTTTTTTTT.........................T
T...............................................................................................................................................................T
T.........................TTTTTTTTTT.TTTTTTTTTT.TTTTTTTTTT.TTTTTTTTTT.TTTTTTTTTT.TTTTTTTTTT.TTTTTTTTTT.TTTTTTTTTT.TTTTTTTTTT.TTTTTTTTTT.........................T
T.........................TTTTTTTTTT.TTTTTTTTTT.TTTTTTTTTT.TTTTTTTTTT.TTTTTTTTTT.TTTTTTTTTT.TTTTTTTTTT.TTTTTTTTTT.TTTTTTTTTT.TTTTTTTTTT.........................T
T...............................................................................................................................................................T
T.........................TTTTTTTTTT.TTTTTTTTTT.TTTTTTTTTT.TTTTTTTTTT.TTTTTTTTTT.TTTTTTTTTT.TTTTTTTTTT.TTTTTTTTTT.TTTTTTTTTT.TTTTTTTTTT.........................T
T.........................TTTTTTTTTT.TTTTTTTTTT.TTTTTTTTTT.TTTTTTTTTT.TTTTTTTTTT.TTTTTTTTTT.TTTTTTTTTT.TTTTTTTTTT.TTTTTTTTTT.TTTTTTTTTT.........................T
T...............................................................................................................................................................T
T.........................TTTTTTTTTT.TTTTTTTTTT.TTTTTTTTTT.TTTTTTTTTT.TTTTTTTTTT.TTTTTTTTTT.TTTTTTTTTT.TTTTTTTTTT.TTTTTTTTTT.TTTTTTTTTT.........................T
T.........................TTTTTTTTTT.TTTTTTTTTT.TTTTTTTTTT.TTTTTTTTTT.TTTTTTTTTT.TTTTTTTTTT.TTTTTTTTTT.TTTTTTTTTT.TTTTTTTTTT.TTTTTTTTTT.........................T
T...............................................................................................................................................................T
T.........................TTTTTTTTTT.TTTTTTTTTT.TTTTTTTTTT.TTTTTTTTTT.TTTTTTTTTT.TTTTTTTTTT.TTTTTTTTTT.TTTTTTTTTT.TTTTTTTTTT.TTTTTTTTTT.........................T
T.........................TTTTTTTTTT.TTTTTTTTTT.TTTTTTTTTT.TTTTTTTTTT.TTTTTTTTTT.TTTTTTTTTT.TTTTTTTTTT.TTTTTTTTTT.TTTTTTTTTT.TTTTTTTTTT.........................T
T...............................................................................................................................................................T
T.........................TTTTTTTTTT.TTTTTTTTTT.TTTTTTTTTT.TTTTTTTTTT.TTTTTTTTTT.TTTTTTTTTT.TTTTTTTTTT.TTTTTTTTTT.TTTTTTTTTT.TTTTTTTTTT.........................T
T.........................TTTTTTTTTT.TTTTTTTTTT.TTTTTTTTTT.TTTTTTTTTT.TTTTTTTTTT.TTTTTTTTTT.TTTTTTTTTT.TTTTTTTTTT.TTTTTTTTTT.TTTTTTTTTT.........................T
T...............................................................................................................................................................T
T.........................TTTTTTTTTT.TTTTTTTTTT.TTTTTTTTTT.TTTTTTTTTT.TTTTTTTTTT.TTTTTTTTTT.TTTTTTTTTT.TTTTTTTTTT.TTTTTTTTTT.TTTTTTTTTT.........................T
T.........................TTTTTTTTTT.TTTTTTTTTT.TTTTTTTTTT.TTTTTTTTTT.TTTTTTTTTT.TTTTTTTTTT.TTTTTTTTTT.TTTTTTTTTT.TTTTTTTTTT.TTTTTTTTTT.........................T
T...............................................................................................................................................................T
T.........................TTTTTTTTTT.TTTTTTTTTT.TTTTTTTTTT.TTTTTTTTTT.TTTTTTTTTT.TTTTTTTTTT.TTTTTTTTTT.TTTTTTTTTT.TTTTTTTTTT.TTTTTTTTTT.........................T
T.........................TTTTTTTTTT.TTTTTTTTTT.TTTTTTTTTT.TTTTTTTTTT.TTTTTTTTTT.TTTTTTTTTT.TTTTTTTTTT.TTTTTTTTTT.TTTTTTTTTT.TTTTTTTTTT.........................T
T...............................................................................................................................................................T
T.........................TTTTTTTTTT.TTTTTTTTTT.TTTTTTTTTT.TTTTTTTTTT.TTTTTTTTTT.TTTTTTTTTT.TTTTTTTTTT.TTTTTTTTTT.TTTTTTTTTT.TTTTTTTTTT.........................T
T.........................TTTTTTTTTT.TTTTTTTTTT.TTTTTTTTTT.TTTTTTTTTT.TTTTTTTTTT.TTTTTTTTTT.TTTTTTTTTT.TTTTTTTTTT.TTTTTTTTTT.TTTTTTTTTT.........................T
T...............................................................................................................................................................T
T.........................TTTTTTTTTT.TTTTTTTTTT.TTTTTTTTTT.TTTTTTTTTT.TTTTTTTTTT.TTTTTTTTTT.TTTTTTTTTT.TTTTTTTTTT.TTTTTTTTTT.TTTTTTTTTT.........................T
T.........................TTTTTTTTTT.TTTTTTTTTT.TTTTTTTTTT.TTTTTTTTTT.TTTTTTTTTT.TTTTTTTTTT.TTTTTTTTTT.TTTTTTTTTT.TTTTTTTTTT.TTTTTTTTTT.........................T
T...............................................................................................................................................................T
T.........................TTTTTTTTTT.TTTTTTTTTT.TTTTTTTTTT.TTTTTTTTTT.TTTTTTTTTT.TTTTTTTTTT.TTTTTTTTTT.TTTTTTTTTT.TTTTTTTTTT.TTTTTTTTTT.........................T
T.........................TTTTTTTTTT.TTTTTTTTTT.TTTTTTTTTT.TTTTTTTTTT.TTTTTTTTTT.TTTTTTTTTT.TTTTTTTTTT.TTTTTTTTTT.TTTTTTTTTT.TTTTTTTTTT.........................T
T...............................................................................................................................................................T
T.........................TTTTTTTTTT.TTTTTTTTTT.TTTTTTTTTT.TTTTTTTTTT.TTTTTTTTTT.TTTTTTTTTT.TTTTTTTTTT.TTTTTTTTTT.TTTTTTTTTT.TTTTTTTTTT.........................T
T.........................TTTTTTTTTT.TTTTTTTTTT.TTTTTTTTTT.TTTTTTTTTT.TTTTTTTTTT.TTTTTTTTTT.TTTTTTTTTT.TTTTTTTTTT.TTTTTTTTTT.TTTTTTTTTT.........................T
T...............................................................................................................................................................T
T.........................TTTTTTTTTT.TTTTTTTTTT.TTTTTTTTTT.TTTTTTTTTT.TTTTTTTTTT.TTTTTTTTTT.TTTTTTTTTT.TTTTTTTTTT.TTTTTTTTTT.TTTTTTTTTT.........................T
T.........................TTTTTTTTTT.TTTTTTTTTT.TTTTTTTTTT.TTTTTTTTTT.TTTTTTTTTT.TTTTTTTTTT.TTTTTTTTTT.TTTTTTTTTT.TTTTTTTTTT.TTTTTTTTTT.........................T
T...............................................................................................................................................................T
T.........................TTTTTTTTTT.TTTTTTTTTT.TTTTTTTTTT.TTTTTTTTTT.TTTTTTTTTT.TTTTTTTTTT.TTTTTTTTTT.TTTTTTTTTT.TTTTTTTTTT.TTTTTTTTTT.........................T
T.........................TTTTTTTTTT.TTTTTTTTTT.TTTTTTTTTT.TTTTTTTTTT.TTTTTTTTTT.TTTTTTTTTT.TTTTTTTTTT.TTTTTTTTTT.TTTTTTTTTT.TTTTTTTTTT.........................T
T...............................................................................................................................................................T
T.........................TTTTTTTTTT.TTTTTTTTTT.TTTTTTTTTT.TTTTTTTTTT.TTTTTTTTTT.TTTTTTTTTT.TTTTTTTTTT.TTTTTTTTTT.TTTTTTTTTT.TTTTTTTTTT.........................T
T.........................TTTTTTTTTT.TTTTTTTTTT.TTTTTTTTTT.TTTTTTTTTT.TTTTTTTTTT.TTTTTTTTTT.TTTTTTTTTT.TTTTTTTTTT.TTTTTTTTTT.TTTTTTTTTT.........................T
T...............................................................................................................................................................T
T.........................TTTTTTTTTT.TTTTTTTTTT.TTTTTTTTTT.TTTTTTTTTT.TTTTTTTTTT.TTTTTTTTTT.TTTTTTTTTT.TTTTTTTTTT.TTTTTTTTTT.TTTTTTTTTT.........................T
T.........................TTTTTTTTTT.TTTTTTTTTT.TTTTTTTTTT.TTTTTTTTTT.TTTTTTTTTT.TTTTTTTTTT.TTTTTTTTTT.TTTTTTTTTT.TTTTTTTTTT.TTTTTTTTTT.........................T
T...............................................................................................................................................................T
T.........................TTTTTTTTTT.TTTTTTTTTT.TTTTTTTTTT.TTTTTTTTTT.TTTTTTTTTT.TTTTTTTTTT.TTTTTTTTTT.TTTTTTTTTT.TTTTTTTTTT.TTTTTTTTTT.........................T
T.........................TTTTTTTTTT.TTTTTTTTTT.TTTTTTTTTT.TTTTTTTTTT.TTTTTTTTTT.TTTTTTTTTT.TTTTTTTTTT.TTTTTTTTTT.TTTTTTTTTT.TTTTTTTTTT.........................T
T...............................................................................................................................................................T
T...............................................................................................................................................................T
T.........................TTTTTTTTTT.TTTTTTTTTT.TTTTTTTTTT.TTTTTTTTTT.TTTTTTTTTT.TTTTTTTTTT.TTTTTTTTTT.TTTTTTTTTT.TTTTTTTTTT.TTTTTTTTTT.........................T
T.........................TTTTTTTTTT.TTTTTTTTTT.TTTTTTTTTT.TTTTTTTTTT.TTTTTTTTTT.TTTTTTTTTT.TTTTTTTTTT.TTTTTTTTTT.TTTTTTTTTT.TTTTTTTTTT.........................T
T...............................................................................................................................................................T
T.........................TTTTTTTTTT.TTTTTTTTTT.TTTTTTTTTT.TTTTTTTTTT.TTTTTTTTTT.TTTTTTTTTT.TTTTTTTTTT.TTTTTTTTTT.TTTTTTTTTT.TTTTTTTTTT.........................T
T.........................TTTTTTTTTT.TTTTTTTTTT.TTTTTTTTTT.TTTTTTTTTT.TTTTTTTTTT.TTTTTTTTTT.TTTTTTTTTT.TTTTTTTTTT.TTTTTTTTTT.TTTTTTTTTT.........................T
T...............................................................................................................................................................T
T.........................TTTTTTTTTT.TTTTTTTTTT.TTTTTTTTTT.TTTTTTTTTT.TTTTTTTTTT.TTTTTTTTTT.TTTTTTTTTT.TTTTTTTTTT.TTTTTTTTTT.TTTTTTTTTT.........................T
T.........................TTTTTTTTTT.TTTTTTTTTT.TTTTTTTTTT.TTTTTTTTTT.TTTTTTTTTT.TTTTTTTTTT.TTTTTTTTTT.TTTTTTTTTT.TTTTTTTTTT.TTTTTTTTTT.........................T
T...............................................................................................................................................................T
T.........................TTTTTTTTTT.TTTTTTTTTT.TTTTTTTTTT.TTTTTTTTTT.TTTTTTTTTT.TTTTTTTTTT.TTTTTTTTTT.TTTTTTTTTT.TTTTTTTTTT.TTTTTTTTTT.........................T
T.........................TTTTTTTTTT.TTTTTTTTTT.TTTTTTTTTT.TTTTTTTTTT.TTTTTTTTTT.TTTTTTTTTT.TTTTTTTTTT.TTTTTTTTTT.TTTTTTTTTT.TTTTTTTTTT.........................T
T...............................................................................................................................................................T
T.........................TTTTTTTTTT.TTTTTTTTTT.TTTTTTTTTT.TTTTTTTTTT.TTTTTTTTTT.TTTTTTTTTT.TTTTTTTTTT.TTTTTTTTTT.TTTTTTTTTT.TTTTTTTTTT.........................T
T.........................TTTTTTTTTT.TTTTTTTTTT.TTTTTTTTTT.TTTTTTTTTT.TTTTTTTTTT.TTTTTTTTTT.TTTTTTTTTT.TTTTTTTTTT.TTTTTTTTTT.TTTTTTTTTT.........................T
T...............................................................................................................................................................T
T.........................TTTTTTTTTT.TTTTTTTTTT.TTTTTTTTTT.TTTTTTTTTT.TTTTTTTTTT.TTTTTTTTTT.TTTTTTTTTT.TTTTTTTTTT.TTTTTTTTTT.TTTTTTTTTT.........................T
T.........................TTTTTTTTTT.TTTTTTTTTT.TTTTTTTTTT.TTTTTTTTTT.TTTTTTTTTT.TTTTTTTTTT.TTTTTTTTTT.TTTTTTTTTT.TTTTTTTTTT.TTTTTTTTTT.........................T
T...............................................................................................................................................................T
T.........................TTTTTTTTTT.TTTTTTTTTT.TTTTTTTTTT.TTTTTTTTTT.TTTTTTTTTT.TTTTTTTTTT.TTTTTTTTTT.TTTTTTTTTT.TTTTTTTTTT.TTTTTTTTTT.........................T
T.........................TTTTTTTTTT.TTTTTTTTTT.TTTTTTTTTT.TTTTTTTTTT.TTTTTTTTTT.TTTTTTTTTT.TTTTTTTTTT.TTTTTTTTTT.TTTTTTTTTT.TTTTTTTTTT.........................T
T...............................................................................................................................................................T
T.........................TTTTTTTTTT.TTTTTTTTTT.TTTTTTTTTT.TTTTTTTTTT.TTTTTTTTTT.TTTTTTTTTT.TTTTTTTTTT.TTTTTTTTTT.TTTTTTTTTT.TTTTTTTTTT.........................T
T.........................TTTTTTTTTT.TTTTTTTTTT.TTTTTTTTTT.TTTTTTTTTT.TTTTTTTTTT.TTTTTTTTTT.TTTTTTTTTT.TTTTTTTTTT.TTTTTTTTTT.TTTTTTTTTT.........................T
T...............................................................................................................................................................T
T.........................TTTTTTTTTT.TTTTTTTTTT.TTTTTTTTTT.TTTTTTTTTT.TTTTTTTTTT.TTTTTTTTTT.TTTTTTTTTT.TTTTTTTTTT.TTTTTTTTTT.TTTTTTTTTT.........................T
T.........................TTTTTTTTTT.TTTTTTTTTT.TTTTTTTTTT.TTTTTTTTTT.TTTTTTTTTT.TTTTTTTTTT.TTTTTTTTTT.TTTTTTTTTT.TTTTTTTTTT.TTTTTTTTTT.........................T
T...............................................................................................................................................................T
T.........................TTTTTTTTTT.TTTTTTTTTT.TTTTTTTTTT.TTTTTTTTTT.TTTTTTTTTT.TTTTTTTTTT.TTTTTTTTTT.TTTTTTTTTT.TTTTTTTTTT.TTTTTTTTTT.........................T
T.........................TTTTTTTTTT.TTTTTTTTTT.TTTTTTTTTT.TTTTTTTTTT.TTTTTTTTTT.TTTTTTTTTT.TTTTTTTTTT.TTTTTTTTTT.TTTTTTTTTT.TTTTTTTTTT.........................T
T...............................................................................................................................................................T
T.........................TTTTTTTTTT.TTTTTTTTTT.TTTTTTTTTT.TTTTTTTTTT.TTTTTTTTTT.TTTTTTTTTT.TTTTTTTTTT.TTTTTTTTTT.TTTTTTTTTT.TTTTTTTTTT.........................T
T.........................TTTTTTTTTT.TTTTTTTTTT.TTTTTTTTTT.TTTTTTTTTT.TTTTTTTTTT.TTTTTTTTTT.TTTTTTTTTT.TTTTTTTTTT.TTTTTTTTTT.TTTTTTTTTT.........................T
T...............................................................................................................................................................T
T.........................TTTTTTTTTT.TTTTTTTTTT.TTTTTTTTTT.TTTTTTTTTT.TTTTTTTTTT.TTTTTTTTTT.TTTTTTTTTT.TTTTTTTTTT.TTTTTTTTTT.TTTTTTTTTT.........................T
T.........................TTTTTTTTTT.TTTTTTTTTT.TTTTTTTTTT.TTTTTTTTTT.TTTTTTTTTT.TTTTTTTTTT.TTTTTTTTTT.TTTTTTTTTT.TTTTTTTTTT.TTTTTTTTTT.........................T
T...............................................................................................................................................................T
T.........................TTTTTTTTTT.TTTTTTTTTT.TTTTTTTTTT.TTTTTTTTTT.TTTTTTTTTT.TTTTTTTTTT.TTTTTTTTTT.TTTTTTTTTT.TTTTTTTTTT.TTTTTTTTTT.........................T
T.........................TTTTTTTTTT.TTTTTTTTTT.TTTTTTTTTT.TTTTTTTTTT.TTTTTTTTTT.TTTTTTTTTT.TTTTTTTTTT.TTTTTTTTTT.TTTTTTTTTT.TTTTTTTTTT.........................T
T...............................................................................................................................................................T
T.........................TTTTTTTTTT.TTTTTTTTTT.TTTTTTTTTT.TTTTTTTTTT.TTTTTTTTTT.TTTTTTTTTT.TTTTTTTTTT.TTTTTTTTTT.TTTTTTTTTT.TTTTTTTTTT.........................T
T.........................TTTTTTTTTT.TTTTTTTTTT.TTTTTTTTTT.TTTTTTTTTT.TTTTTTTTTT.TTTTTTTTTT.TTTTTTTTTT.TTTTTTTTTT.TTTTTTTTTT.TTTTTTTTTT.........................T
T...............................................................................................................................................................T
T.........................TTTTTTTTTT.TTTTTTTTTT.TTTTTTTTTT.TTTTTTTTTT.TTTTTTTTTT.TTTTTTTTTT.TTTTTTTTTT.TTTTTTTTTT.TTTTTTTTTT.TTTTTTTTTT.........................T
T.........................TTTTTTTTTT.TTTTTTTTTT.TTTTTTTTTT.TTTTTTTTTT.TTTTTTTTTT.TTTTTTTTTT.TTTTTTTTTT.TTTTTTTTTT.TTTTTTTTTT.TTTTTTTTTT.........................T
T...............................................................................................................................................................T
T.........................TTTTTTTTTT.TTTTTTTTTT.TTTTTTTTTT.TTTTTTTTTT.TTTTTTTTTT.TTTTTTTTTT.TTTTTTTTTT.TTTTTTTTTT.TTTTTTTTTT.TTTTTTTTTT.........................T
T.........................TTTTTTTTTT.TTTTTTTTTT.TTTTTTTTTT.TTTTTTTTTT.TTTTTTTTTT.TTTTTTTTTT.TTTTTTTTTT.TTTTTTTTTT.TTTTTTTTTT.TTTTTTTTTT.........................T
T...............................................................................................................................................................T
T.........................TTTTTTTTTT.TTTTTTTTTT.TTTTTTTTTT.TTTTTTTTTT.TTTTTTTTTT.TTTTTTTTTT.TTTTTTTTTT.TTTTTTTTTT.TTTTTTTTTT.TTTTTTTTTT.........................T
T.........................TTTTTTTTTT.TTTTTTTTTT.TTTTTTTTTT.TTTTTTTTTT.TTTTTTTTTT.TTTTTTTTTT.TTTTTTTTTT.TTTTTTTTTT.TTTTTTTTTT.TTTTTTTTTT.........................T
T...............................................................................................................................................................T
T.........................TTTTTTTTTT.TTTTTTTTTT.TTTTTTTTTT.TTTTTTTTTT.TTTTTTTTTT.TTTTTTTTTT.TTTTTTTTTT.TTTTTTTTTT.TTTTTTTTTT.TTTTTTTTTT.........................T
T.........................TTTTTTTTTT.TTTTTTTTTT.TTTTTTTTTT.TTTTTTTTTT.TTTTTTTTTT.TTTTTTTTTT.TTTTTTTTTT.TTTTTTTTTT.TTTTTTTTTT.TTTTTTTTTT.........................T
T...............................................................................................................................................................T
T.........................TTTTTTTTTT.TTTTTTTTTT.TTTTTTTTTT.TTTTTTTTTT.TTTTTTTTTT.TTTTTTTTTT.TTTTTTTTTT.TTTTTTTTTT.TTTTTTTTTT.TTTTTTTTTT.........................T
T.........................TTTTTTTTTT.TTTTTTTTTT.TTTTTTTTTT.TTTTTTTTTT.TTTTTTTTTT.TTTTTTTTTT.TTTTTTTTTT.TTTTTTTTTT.TTTTTTTTTT.TTTTTTTTTT.........................T
T...............................................................................................................................................................T
T.........................TTTTTTTTTT.TTTTTTTTTT.TTTTTTTTTT.TTTTTTTTTT.TTTTTTTTTT.TTTTTTTTTT.TTTTTTTTTT.TTTTTTTTTT.TTTTTTTTTT.TTTTTTTTTT.........................T
T.........................TTTTTTTTTT.TTTTTTTTTT.TTTTTTTTTT.TTTTTTTTTT.TTTTTTTTTT.TTTTTTTTTT.TTTTTTTTTT.TTTTTTTTTT.TTTTTTTTTT.TTTTTTTTTT.........................T
T...............................................................................................................................................................T
TTTTTTTTTTTTTTTTTTTTTTTTTTTTTTTTTTTTTTTTTTTTTTTTTTTTTTTTTTTTTTTTTTTTTTTTTTTTTTTTTTTTTTTTTTTTTTTTTTTTTTTTTTTTTTTTTTTTTTTTTTTTTTTTTTTTTTTTTTTTTTTTTTTTTTTTTTTTTTTTT
